Traceback (most recent call last):
  File "/orcd/data/evelina9/001/USERS/devar_ag/TRIBE-localizer/braingpt/score.py", line 33, in <module>
    main()
  File "/orcd/data/evelina9/001/USERS/devar_ag/TRIBE-localizer/braingpt/score.py", line 14, in main
    from peft import PeftModel
  File "/home/devar_ag/.conda/envs/tribe/lib/python3.11/site-packages/peft/__init__.py", line 17, in <module>
    from .auto import (
  File "/home/devar_ag/.conda/envs/tribe/lib/python3.11/site-packages/peft/auto.py", line 31, in <module>
    from .config import PeftConfig
  File "/home/devar_ag/.conda/envs/tribe/lib/python3.11/site-packages/peft/config.py", line 30, in <module>
    from .utils import CONFIG_NAME, PeftType, TaskType
  File "/home/devar_ag/.conda/envs/tribe/lib/python3.11/site-packages/peft/utils/__init__.py", line 18, in <module>
    from .loftq_utils import replace_lora_weights_loftq
  File "/home/devar_ag/.conda/envs/tribe/lib/python3.11/site-packages/peft/utils/loftq_utils.py", line 25, in <module>
    from accelerate.utils.memory import clear_device_cache
ModuleNotFoundError: No module named 'accelerate'
Traceback (most recent call last):
  File "/orcd/data/evelina9/001/USERS/devar_ag/TRIBE-localizer/braingpt/analyze.py", line 95, in <module>
    main()
  File "/orcd/data/evelina9/001/USERS/devar_ag/TRIBE-localizer/braingpt/analyze.py", line 69, in main
    scores = pd.read_csv(HERE / "results" / "scores.csv")
             ^^^^^^^^^^^^^^^^^^^^^^^^^^^^^^^^^^^^^^^^^^^^
  File "/home/devar_ag/.conda/envs/tribe/lib/python3.11/site-packages/pandas/io/parsers/readers.py", line 872, in read_csv
    return _read(filepath_or_buffer, kwds)
           ^^^^^^^^^^^^^^^^^^^^^^^^^^^^^^^
  File "/home/devar_ag/.conda/envs/tribe/lib/python3.11/site-packages/pandas/io/parsers/readers.py", line 300, in _read
    parser = TextFileReader(filepath_or_buffer, **kwds)
             ^^^^^^^^^^^^^^^^^^^^^^^^^^^^^^^^^^^^^^^^^^
  File "/home/devar_ag/.conda/envs/tribe/lib/python3.11/site-packages/pandas/io/parsers/readers.py", line 1643, in __init__
    self._engine = self._make_engine(f, self.engine)
                   ^^^^^^^^^^^^^^^^^^^^^^^^^^^^^^^^^
  File "/home/devar_ag/.conda/envs/tribe/lib/python3.11/site-packages/pandas/io/parsers/readers.py", line 1907, in _make_engine
    self.handles = get_handle(
                   ^^^^^^^^^^^
  File "/home/devar_ag/.conda/envs/tribe/lib/python3.11/site-packages/pandas/io/common.py", line 930, in get_handle
    handle = open(
             ^^^^^
FileNotFoundError: [Errno 2] No such file or directory: '/orcd/data/evelina9/001/USERS/devar_ag/TRIBE-localizer/braingpt/results/scores.csv'
