183 shards in total; this job: [84, 85, 86, 87]
SHARD 84: start, 1000 stimuli, 31000 words, tasks ['code_conditional']
SHARD 84: model loaded (13 s)
  features ready, predicting 1000 timelines in 125 batches
SHARD 84: saved shard_0084.npz
SHARD 84: {'shard': 84, 'n_stimuli': 1000, 'n_words': 31000, 'seconds': 102.85747504234314}
SHARD 85: start, 1000 stimuli, 31000 words, tasks ['code_conditional']
SHARD 85: model loaded (1 s)
  features ready, predicting 1000 timelines in 125 batches
SHARD 85: saved shard_0085.npz
SHARD 85: {'shard': 85, 'n_stimuli': 1000, 'n_words': 31000, 'seconds': 112.8241593837738}
SHARD 86: start, 1000 stimuli, 31000 words, tasks ['code_conditional']
SHARD 86: model loaded (1 s)
  features ready, predicting 1000 timelines in 125 batches
SHARD 86: saved shard_0086.npz
SHARD 86: {'shard': 86, 'n_stimuli': 1000, 'n_words': 31000, 'seconds': 89.03241753578186}
SHARD 87: start, 1000 stimuli, 31968 words, tasks ['code_conditional', 'code_loop']
SHARD 87: model loaded (1 s)
  features ready, predicting 1000 timelines in 125 batches
SHARD 87: saved shard_0087.npz
SHARD 87: {'shard': 87, 'n_stimuli': 1000, 'n_words': 31968, 'seconds': 87.3847336769104}
