183 shards in total; this job: [68, 69, 70, 71]
SHARD 68: start, 1000 stimuli, 12606 words, tasks ['mul_div_3op_verbal']
SHARD 68: model loaded (13 s)
  features ready, predicting 1000 timelines in 125 batches
SHARD 68: saved shard_0068.npz
SHARD 68: {'shard': 68, 'n_stimuli': 1000, 'n_words': 12606, 'seconds': 51.17197895050049}
SHARD 69: start, 1000 stimuli, 12646 words, tasks ['mul_div_3op_verbal']
SHARD 69: model loaded (2 s)
  features ready, predicting 1000 timelines in 125 batches
SHARD 69: saved shard_0069.npz
SHARD 69: {'shard': 69, 'n_stimuli': 1000, 'n_words': 12646, 'seconds': 47.403146266937256}
SHARD 70: start, 1000 stimuli, 12738 words, tasks ['mul_div_3op_verbal']
SHARD 70: model loaded (1 s)
  features ready, predicting 1000 timelines in 125 batches
SHARD 70: saved shard_0070.npz
SHARD 70: {'shard': 70, 'n_stimuli': 1000, 'n_words': 12738, 'seconds': 46.672353744506836}
SHARD 71: start, 1000 stimuli, 8996 words, tasks ['mul_div_3op_verbal', 'mul_div_3op_symbolic']
SHARD 71: model loaded (1 s)
  features ready, predicting 1000 timelines in 125 batches
SHARD 71: saved shard_0071.npz
SHARD 71: {'shard': 71, 'n_stimuli': 1000, 'n_words': 8996, 'seconds': 40.17336845397949}
