183 shards in total; this job: [112, 113, 114, 115]
SHARD 112: start, 1000 stimuli, 54430 words, tasks ['physics_buoyancy']
SHARD 112: model loaded (14 s)
  features ready, predicting 1000 timelines in 125 batches
SHARD 112: saved shard_0112.npz
SHARD 112: {'shard': 112, 'n_stimuli': 1000, 'n_words': 54430, 'seconds': 180.20264625549316}
SHARD 113: start, 1000 stimuli, 54796 words, tasks ['physics_buoyancy', 'physics_brightness']
SHARD 113: model loaded (2 s)
  features ready, predicting 1000 timelines in 125 batches
SHARD 113: saved shard_0113.npz
SHARD 113: {'shard': 113, 'n_stimuli': 1000, 'n_words': 54796, 'seconds': 235.4704625606537}
SHARD 114: start, 1000 stimuli, 56070 words, tasks ['physics_brightness']
SHARD 114: model loaded (1 s)
  features ready, predicting 1000 timelines in 125 batches
SHARD 114: saved shard_0114.npz
SHARD 114: {'shard': 114, 'n_stimuli': 1000, 'n_words': 56070, 'seconds': 166.82866024971008}
SHARD 115: start, 1000 stimuli, 55828 words, tasks ['physics_brightness']
SHARD 115: model loaded (1 s)
  features ready, predicting 1000 timelines in 125 batches
SHARD 115: saved shard_0115.npz
SHARD 115: {'shard': 115, 'n_stimuli': 1000, 'n_words': 55828, 'seconds': 147.81905484199524}
