183 shards in total; this job: [88, 89, 90, 91]
SHARD 88: start, 1000 stimuli, 32344 words, tasks ['code_loop']
SHARD 88: model loaded (13 s)
  features ready, predicting 1000 timelines in 125 batches
SHARD 88: saved shard_0088.npz
SHARD 88: {'shard': 88, 'n_stimuli': 1000, 'n_words': 32344, 'seconds': 115.1003007888794}
SHARD 89: start, 1000 stimuli, 32272 words, tasks ['code_loop']
SHARD 89: model loaded (1 s)
  features ready, predicting 1000 timelines in 125 batches
SHARD 89: saved shard_0089.npz
SHARD 89: {'shard': 89, 'n_stimuli': 1000, 'n_words': 32272, 'seconds': 131.9287338256836}
SHARD 90: start, 1000 stimuli, 31404 words, tasks ['code_loop', 'code_list']
SHARD 90: model loaded (1 s)
  features ready, predicting 1000 timelines in 125 batches
SHARD 90: saved shard_0090.npz
SHARD 90: {'shard': 90, 'n_stimuli': 1000, 'n_words': 31404, 'seconds': 108.14788722991943}
SHARD 91: start, 1000 stimuli, 30872 words, tasks ['code_list']
SHARD 91: model loaded (1 s)
  features ready, predicting 1000 timelines in 125 batches
SHARD 91: saved shard_0091.npz
SHARD 91: {'shard': 91, 'n_stimuli': 1000, 'n_words': 30872, 'seconds': 133.5720729827881}
