183 shards in total; this job: [152, 153, 154, 155]
SHARD 152: start, 1000 stimuli, 12868 words, tasks ['secondary_emotions']
SHARD 152: model loaded (14 s)
  features ready, predicting 1000 timelines in 125 batches
SHARD 152: saved shard_0152.npz
SHARD 152: {'shard': 152, 'n_stimuli': 1000, 'n_words': 12868, 'seconds': 52.3488347530365}
SHARD 153: start, 1000 stimuli, 12536 words, tasks ['secondary_emotions']
SHARD 153: model loaded (1 s)
  features ready, predicting 1000 timelines in 125 batches
SHARD 153: saved shard_0153.npz
SHARD 153: {'shard': 153, 'n_stimuli': 1000, 'n_words': 12536, 'seconds': 36.908159494400024}
SHARD 154: start, 1000 stimuli, 12000 words, tasks ['secondary_emotions']
SHARD 154: model loaded (1 s)
  features ready, predicting 1000 timelines in 125 batches
SHARD 154: saved shard_0154.npz
SHARD 154: {'shard': 154, 'n_stimuli': 1000, 'n_words': 12000, 'seconds': 34.59008836746216}
SHARD 155: start, 1000 stimuli, 13232 words, tasks ['secondary_emotions']
SHARD 155: model loaded (1 s)
  features ready, predicting 1000 timelines in 125 batches
SHARD 155: saved shard_0155.npz
SHARD 155: {'shard': 155, 'n_stimuli': 1000, 'n_words': 13232, 'seconds': 35.366456508636475}
