183 shards in total; this job: [160, 161, 162, 163]
SHARD 160: start, 1000 stimuli, 45230 words, tasks ['emotion_fewshot']
SHARD 160: model loaded (13 s)
  features ready, predicting 1000 timelines in 125 batches
SHARD 160: saved shard_0160.npz
SHARD 160: {'shard': 160, 'n_stimuli': 1000, 'n_words': 45230, 'seconds': 129.777973651886}
SHARD 161: start, 1000 stimuli, 45216 words, tasks ['emotion_fewshot']
SHARD 161: model loaded (1 s)
  features ready, predicting 1000 timelines in 125 batches
SHARD 161: saved shard_0161.npz
SHARD 161: {'shard': 161, 'n_stimuli': 1000, 'n_words': 45216, 'seconds': 113.17131543159485}
SHARD 162: start, 1000 stimuli, 45926 words, tasks ['emotion_fewshot']
SHARD 162: model loaded (1 s)
  features ready, predicting 1000 timelines in 125 batches
SHARD 162: saved shard_0162.npz
SHARD 162: {'shard': 162, 'n_stimuli': 1000, 'n_words': 45926, 'seconds': 124.7836549282074}
SHARD 163: start, 1000 stimuli, 46010 words, tasks ['emotion_fewshot']
SHARD 163: model loaded (1 s)
  features ready, predicting 1000 timelines in 125 batches
SHARD 163: saved shard_0163.npz
SHARD 163: {'shard': 163, 'n_stimuli': 1000, 'n_words': 46010, 'seconds': 135.06050610542297}
