shard 0 ok
shard 1 ok
shard 2 ok
shard 3 ok
shard 4 ok
shard 5 ok
shard 6 ok
shard 7 ok
shard 8 ok
shard 9 ok
shard 10 ok
shard 11 ok
shard 12 ok
shard 13 ok
shard 14 ok
shard 15 ok
shard 16 ok
shard 17 ok
shard 18 ok
shard 19 ok
shard 20 ok
shard 21 ok
shard 22 ok
shard 23 ok
shard 24 ok
shard 25 ok
shard 26 ok
shard 27 ok
shard 28 ok
shard 29 ok
shard 30 ok
shard 31 ok
shard 32 ok
shard 33 ok
shard 34 ok
shard 35 ok
shard 36 ok
shard 37 ok
shard 38 ok
shard 39 ok
shard 40 ok
shard 41 ok
shard 42 ok
shard 43 ok
shard 44 ok
shard 45 ok
shard 46 ok
shard 47 ok
shard 48 ok
shard 49 ok
shard 50 ok
shard 51 ok
shard 52 ok
shard 53 ok
shard 54 ok
shard 55 ok
shard 56 ok
shard 57 ok
shard 58 ok
shard 59 ok
shard 60 ok
shard 61 ok
shard 62 ok
shard 63 ok
shard 64 ok
shard 65 ok
shard 66 ok
shard 67 ok
shard 68 ok
shard 69 ok
shard 70 ok
shard 71 ok
shard 72 ok
shard 73 ok
shard 74 ok
shard 75 ok
shard 76 ok
shard 77 ok
shard 78 ok
shard 79 ok
shard 80 ok
shard 81 ok
shard 82 ok
shard 83 ok
shard 84 ok
shard 85 ok
shard 86 ok
shard 87 ok
shard 88 ok
shard 89 ok
shard 90 ok
shard 91 ok
shard 92 ok
shard 93 ok
shard 94 ok
shard 95 ok
shard 96 ok
shard 97 ok
shard 98 ok
shard 99 ok
shard 100 ok
shard 101 ok
shard 102 ok
shard 103 ok
shard 104 ok
shard 105 ok
shard 106 ok
shard 107 ok
shard 108 ok
shard 109 ok
shard 110 ok
shard 111 ok
shard 112 ok
shard 113 ok
shard 114 ok
shard 115 ok
shard 116 ok
shard 117 ok
shard 118 ok
shard 119 ok
shard 120 ok
shard 121 ok
shard 122 ok
shard 123 ok
shard 124 ok
shard 125 ok
shard 126 ok
shard 127 ok
shard 128 ok
shard 129 ok
shard 130 ok
shard 131 ok
shard 132 ok
shard 133 ok
shard 134 ok
shard 135 ok
shard 136 ok
shard 137 ok
shard 138 ok
shard 139 ok
shard 140 ok
shard 141 ok
shard 142 ok
shard 143 ok
shard 144 ok
shard 145 ok
shard 146 ok
shard 147 ok
shard 148 ok
shard 149 ok
shard 150 ok
shard 151 ok
shard 152 ok
shard 153 ok
shard 154 ok
shard 155 ok
shard 156 ok
shard 157 ok
shard 158 ok
shard 159 ok
shard 160 ok
shard 161 ok
shard 162 ok
shard 163 ok
shard 164 ok
shard 165 ok
shard 166 ok
shard 167 ok
shard 168 ok
shard 169 ok
shard 170 ok
shard 171 ok
shard 172 ok
shard 173 ok
shard 174 ok
shard 175 ok
shard 176 ok
shard 177 ok
shard 178 ok
shard 179 ok
shard 180 ok
shard 181 ok
shard 182 ok
missing shards: []
           finite  complete
window                     
answer       True      True
full         True      True
full_tail    True      True
window                     answer      full  full_tail
mean              count  183.0000  183.0000   183.0000
                  mean     0.0980    0.0735     0.0765
                  std      0.0356    0.0156     0.0159
                  min      0.0504    0.0299     0.0396
                  25%      0.0640    0.0648     0.0657
                  50%      0.0981    0.0752     0.0765
                  75%      0.1270    0.0829     0.0881
                  max      0.2033    0.1243     0.1315
sd_across_stimuli count  183.0000  183.0000   183.0000
                  mean     0.0226    0.0193     0.0164
                  std      0.0120    0.0070     0.0059
                  min      0.0038    0.0051     0.0044
                  25%      0.0143    0.0149     0.0126
                  50%      0.0210    0.0186     0.0169
                  75%      0.0296    0.0231     0.0190
                  max      0.0735    0.0426     0.0407
n_duplicate_rows  count  183.0000  183.0000   183.0000
                  mean     0.0000    0.0000     0.0000
                  std      0.0000    0.0000     0.0000
                  min      0.0000    0.0000     0.0000
                  25%      0.0000    0.0000     0.0000
                  50%      0.0000    0.0000     0.0000
                  75%      0.0000    0.0000     0.0000
                  max      0.0000    0.0000     0.0000
                             task  n_items  mean_abs_d  sd_across_stimuli  d_over_sd
         anaphor_gender_agreement     1001      0.0013             0.0078     0.1716
     det_noun_agreement_irregular      932      0.0030             0.0155     0.1966
       det_noun_agreement_regular     1100      0.0035             0.0153     0.2264
det_noun_agreement_with_adjective     1100      0.0037             0.0202     0.1837
           subject_verb_agreement      759      0.0017             0.0072     0.2325
                              npi      152      0.0021             0.0168     0.1228
                        hypernymy      214      0.0028             0.0083     0.3337
                              wug     1329      0.0012             0.0145     0.0799
                logic_syllogism_1     1000      0.0007             0.0180     0.0412
         logic_syllogism_symbolic     1000      0.0009             0.0081     0.1065
            logic_propositional_1     1000      0.0017             0.0293     0.0590
     logic_propositional_symbolic     1000      0.0004             0.0134     0.0302
                  number_sequence      488      0.0019             0.0109     0.1781
               add_sub_2op_verbal     1000      0.0010             0.0151     0.0664
             add_sub_2op_symbolic     1000      0.0005             0.0038     0.1308
               add_sub_3op_verbal     1000      0.0005             0.0121     0.0431
             add_sub_3op_symbolic      999      0.0003             0.0062     0.0435
               mul_div_2op_verbal      874      0.0009             0.0207     0.0422
             mul_div_2op_symbolic      905      0.0007             0.0068     0.0974
               mul_div_3op_verbal      987      0.0005             0.0237     0.0229
             mul_div_3op_symbolic      992      0.0004             0.0078     0.0566
                  simple_equation      994      0.0002             0.0145     0.0131
                   number_sorting      999      0.0003             0.0116     0.0235
                 code_conditional     1000      0.0003             0.0061     0.0480
                        code_loop      789      0.0005             0.0090     0.0582
                        code_list      994      0.0013             0.0107     0.1189
                           code_A      981      0.0003             0.0128     0.0272
                           code_B      650      0.0015             0.0155     0.0999
                      phys_newton     1000      0.0016             0.0245     0.0663
                       phys_prost     1200      0.0008             0.0163     0.0487
                 physics_buoyancy     1000      0.0008             0.0218     0.0382
               physics_brightness      952      0.0021             0.0279     0.0739
               physics_elasticity      998      0.0022             0.0268     0.0838
               physics_solubility     1000      0.0026             0.0192     0.1357
                    physics_speed      997      0.0015             0.0333     0.0445
                physics_stability     1000      0.0013             0.0282     0.0450
              physics_temperature      997      0.0033             0.0305     0.1070
                            agent      716      0.0015             0.0365     0.0402
              social_interactions      202      0.0018             0.0389     0.0472
                 social_relations      266      0.0014             0.0237     0.0583
                    desires_goals     1080      0.0036             0.0251     0.1429
                 primary_emotions     1295      0.0028             0.0164     0.1708
               secondary_emotions     1600      0.0028             0.0178     0.1577
                  emotion_fewshot     2000      0.0032             0.0411     0.0772
                 norm_appropriate     2000      0.0016             0.0378     0.0429
                       norm_moral     2000      0.0023             0.0369     0.0613
