4 shards in total; this job: [0, 1, 2, 3]
SHARD 0: start, 250 stimuli, 3000 words, tasks ['language']
SHARD 0: model loaded (21 s)
  features ready, predicting 250 timelines in 32 batches
SHARD 0: saved shard_0000.npz
SHARD 0: {'shard': 0, 'n_stimuli': 250, 'n_words': 3000, 'seconds': 69.85309791564941}
SHARD 1: start, 250 stimuli, 2900 words, tasks ['language', 'md']
SHARD 1: model loaded (1 s)
  features ready, predicting 250 timelines in 32 batches
SHARD 1: saved shard_0001.npz
SHARD 1: {'shard': 1, 'n_stimuli': 250, 'n_words': 2900, 'seconds': 18.663980722427368}
SHARD 2: start, 250 stimuli, 7125 words, tasks ['md', 'tom', 'physics_task', 'physics_content']
SHARD 2: model loaded (1 s)
  features ready, predicting 250 timelines in 32 batches
SHARD 2: saved shard_0002.npz
SHARD 2: {'shard': 2, 'n_stimuli': 250, 'n_words': 7125, 'seconds': 124.71976351737976}
SHARD 3: start, 179 stimuli, 15695 words, tasks ['physics_task', 'physics_content']
SHARD 3: model loaded (1 s)
  features ready, predicting 179 timelines in 23 batches
SHARD 3: saved shard_0003.npz
SHARD 3: {'shard': 3, 'n_stimuli': 179, 'n_words': 15695, 'seconds': 212.06916618347168}
                                  whole  heldout parcels_positive
localizer       network                                          
LANGUAGE_noAngG LANGUAGE_noAngG  0.0046   0.0565             8/10
MD              MD              -0.0024   0.0036             7/20
PHYSICS         PHYSICS         -0.0066  -0.0009             4/11
PHYSICS_content PHYSICS          0.0354   0.0989            11/11
TOM             TOM              0.0937   0.1392            10/10
network          LANGUAGE_noAngG    MD  PHYSICS   TOM
localizer                                            
LANGUAGE_noAngG             2.66  0.24     0.23  2.67
MD                          0.27  1.50     1.10  0.03
PHYSICS                     0.23  0.12     0.27  1.58
PHYSICS_content             2.06  0.77     1.21  3.60
TOM                         3.52  0.14     0.25  4.41
      network_a network_b  shared  n_a  dice
LANGUAGE_noAngG        MD       0  173 0.000
LANGUAGE_noAngG       TOM       7  173 0.038
LANGUAGE_noAngG   PHYSICS       0  173 0.000
             MD       TOM       0  422 0.000
             MD   PHYSICS       4  422 0.013
        PHYSICS       TOM       0  188 0.000
full whole_parcel LANGUAGE_noAngG target Lan: effect -0.0564, p 0.9982
full froi_task LANGUAGE_noAngG target Lan: effect -0.0620, p 0.9874
full froi_content LANGUAGE_noAngG target Lan: effect -0.0620, p 0.9893
full whole_parcel MD target MD: effect 0.0420, p 0.0011
full froi_task MD target MD: effect 0.0768, p 0.0001
full froi_content MD target MD: effect 0.0768, p 0.0001
full whole_parcel TOM target ToM: effect 0.0471, p 0.0003
full froi_task TOM target ToM: effect 0.0776, p 0.0001
full froi_content TOM target ToM: effect 0.0776, p 0.0001
full whole_parcel PHYSICS target phys: effect 0.0870, p 0.0001
full froi_task PHYSICS target phys: effect 0.1022, p 0.0001
full froi_content PHYSICS target phys: effect 0.1053, p 0.0001
full_tail whole_parcel LANGUAGE_noAngG target Lan: effect -0.0551, p 0.9993
full_tail froi_task LANGUAGE_noAngG target Lan: effect -0.0527, p 0.9875
full_tail froi_content LANGUAGE_noAngG target Lan: effect -0.0527, p 0.9884
full_tail whole_parcel MD target MD: effect 0.0358, p 0.0004
full_tail froi_task MD target MD: effect 0.0628, p 0.0001
full_tail froi_content MD target MD: effect 0.0628, p 0.0004
full_tail whole_parcel TOM target ToM: effect 0.0450, p 0.0001
full_tail froi_task TOM target ToM: effect 0.0706, p 0.0001
full_tail froi_content TOM target ToM: effect 0.0706, p 0.0001
full_tail whole_parcel PHYSICS target phys: effect 0.0901, p 0.0001
full_tail froi_task PHYSICS target phys: effect 0.1018, p 0.0001
full_tail froi_content PHYSICS target phys: effect 0.1025, p 0.0001
   window    selection domain         network  target_network  mean_selectivity  sem_selectivity  mean_response  sem_response  diff_target_minus_this  p_target_gt_this
     full whole_parcel    Lan LANGUAGE_noAngG LANGUAGE_noAngG           -0.0564           0.0146         0.1671        0.0146                     NaN               NaN
     full whole_parcel    Lan              MD LANGUAGE_noAngG            0.0105           0.0047         0.0781        0.0047                 -0.0669            0.9961
     full whole_parcel    Lan             TOM LANGUAGE_noAngG            0.0151           0.0064         0.0648        0.0064                 -0.0715            1.0000
     full whole_parcel    Lan         PHYSICS LANGUAGE_noAngG           -0.0055           0.0039         0.0331        0.0039                 -0.0509            0.9883
     full whole_parcel     MD LANGUAGE_noAngG              MD            0.0008           0.0132         0.2100        0.0132                  0.0413            0.0226
     full whole_parcel     MD              MD              MD            0.0420           0.0121         0.1018        0.0121                     NaN               NaN
     full whole_parcel     MD             TOM              MD           -0.0346           0.0070         0.0276        0.0070                  0.0766            0.0001
     full whole_parcel     MD         PHYSICS              MD           -0.0278           0.0102         0.0165        0.0102                  0.0698            0.0001
     full whole_parcel   phys LANGUAGE_noAngG         PHYSICS            0.0042           0.0076         0.2126        0.0076                  0.0828            0.0020
     full whole_parcel   phys              MD         PHYSICS            0.0030           0.0037         0.0725        0.0037                  0.0839            0.0020
     full whole_parcel   phys             TOM         PHYSICS           -0.0276           0.0064         0.0328        0.0064                  0.1146            0.0020
     full whole_parcel   phys         PHYSICS         PHYSICS            0.0870           0.0085         0.1025        0.0085                     NaN               NaN
     full whole_parcel    ToM LANGUAGE_noAngG             TOM            0.0515           0.0123         0.2481        0.0123                 -0.0044            0.8105
     full whole_parcel    ToM              MD             TOM           -0.0556           0.0049         0.0286        0.0049                  0.1027            0.0020
     full whole_parcel    ToM             TOM             TOM            0.0471           0.0094         0.0889        0.0094                     NaN               NaN
     full whole_parcel    ToM         PHYSICS             TOM           -0.0537           0.0060        -0.0030        0.0060                  0.1008            0.0020
full_tail whole_parcel    Lan LANGUAGE_noAngG LANGUAGE_noAngG           -0.0551           0.0119         0.1458        0.0119                     NaN               NaN
full_tail whole_parcel    Lan              MD LANGUAGE_noAngG           -0.0179           0.0025         0.0569        0.0025                 -0.0372            0.9922
full_tail whole_parcel    Lan             TOM LANGUAGE_noAngG           -0.0009           0.0064         0.0572        0.0064                 -0.0542            1.0000
full_tail whole_parcel    Lan         PHYSICS LANGUAGE_noAngG           -0.0255           0.0025         0.0329        0.0025                 -0.0296            0.9805
full_tail whole_parcel     MD LANGUAGE_noAngG              MD            0.0137           0.0131         0.1975        0.0131                  0.0221            0.0741
full_tail whole_parcel     MD              MD              MD            0.0358           0.0100         0.0972        0.0100                     NaN               NaN
full_tail whole_parcel     MD             TOM              MD           -0.0221           0.0073         0.0413        0.0073                  0.0579            0.0001
full_tail whole_parcel     MD         PHYSICS              MD           -0.0221           0.0086         0.0354        0.0086                  0.0579            0.0001
full_tail whole_parcel   phys LANGUAGE_noAngG         PHYSICS            0.0030           0.0071         0.1894        0.0071                  0.0871            0.0020
full_tail whole_parcel   phys              MD         PHYSICS            0.0174           0.0035         0.0834        0.0035                  0.0727            0.0020
full_tail whole_parcel   phys             TOM         PHYSICS           -0.0219           0.0065         0.0415        0.0065                  0.1120            0.0020
full_tail whole_parcel   phys         PHYSICS         PHYSICS            0.0901           0.0077         0.1196        0.0077                     NaN               NaN
full_tail whole_parcel    ToM LANGUAGE_noAngG             TOM            0.0385           0.0122         0.2160        0.0122                  0.0065            0.1016
full_tail whole_parcel    ToM              MD             TOM           -0.0353           0.0054         0.0439        0.0054                  0.0803            0.0020
full_tail whole_parcel    ToM             TOM             TOM            0.0450           0.0090         0.0917        0.0090                     NaN               NaN
full_tail whole_parcel    ToM         PHYSICS             TOM           -0.0425           0.0061         0.0202        0.0061                  0.0875            0.0020
   window domain         network  overlap  enrichment  null_mean_enrichment  p_spin
     full    Lan LANGUAGE_noAngG   0.0016      0.0179                1.0024  1.0000
     full    Lan              MD   0.3665      1.6614                0.9927  0.0619
     full    Lan             TOM   0.1816      1.7539                1.0087  0.1189
     full    Lan         PHYSICS   0.0459      0.4716                0.9655  0.7572
     full     MD LANGUAGE_noAngG   0.0801      0.8964                0.9991  0.4555
     full     MD              MD   0.6896      3.1266                0.9871  0.0010
     full     MD             TOM   0.0556      0.5365                0.9719  0.7043
     full     MD         PHYSICS   0.0796      0.8171                1.0094  0.5674
     full   phys LANGUAGE_noAngG   0.0593      0.6633                0.9831  0.6364
     full   phys              MD   0.4327      1.9617                0.9890  0.0130
     full   phys             TOM   0.0737      0.7119                1.0144  0.6903
     full   phys         PHYSICS   0.3803      3.9046                1.0639  0.0010
     full    ToM LANGUAGE_noAngG   0.4434      4.9598                0.9675  0.0010
     full    ToM              MD   0.0262      0.1187                1.0398  0.9980
     full    ToM             TOM   0.3547      3.4253                1.0066  0.0090
     full    ToM         PHYSICS   0.0166      0.1700                1.0742  0.9620
full_tail    Lan LANGUAGE_noAngG   0.0027      0.0299                1.0179  0.9970
full_tail    Lan              MD   0.2067      0.9372                0.9854  0.5175
full_tail    Lan             TOM   0.1950      1.8829                1.0125  0.0839
full_tail    Lan         PHYSICS   0.0337      0.3455                0.9388  0.8192
full_tail     MD LANGUAGE_noAngG   0.1122      1.2549                0.9746  0.2897
full_tail     MD              MD   0.6571      2.9789                0.9842  0.0020
full_tail     MD             TOM   0.0625      0.6036                0.9621  0.6653
full_tail     MD         PHYSICS   0.0764      0.7842                0.9718  0.5674
full_tail   phys LANGUAGE_noAngG   0.0545      0.6095                0.9614  0.6603
full_tail   phys              MD   0.4696      2.1288                0.9923  0.0020
full_tail   phys             TOM   0.0721      0.6964                1.0175  0.7003
full_tail   phys         PHYSICS   0.4049      4.1569                1.0485  0.0010
full_tail    ToM LANGUAGE_noAngG   0.3878      4.3384                0.9715  0.0010
full_tail    ToM              MD   0.0326      0.1477                1.0083  1.0000
full_tail    ToM             TOM   0.3681      3.5543                0.9941  0.0040
full_tail    ToM         PHYSICS   0.0134      0.1371                1.0182  0.9920
figures done: full
figures done: full_tail
