183 shards in total; this job: [20, 21, 22, 23]
SHARD 20: start, 1000 stimuli, 4796 words, tasks ['npi', 'hypernymy']
SHARD 20: model loaded (15 s)
  features ready, predicting 1000 timelines in 125 batches
SHARD 20: saved shard_0020.npz
SHARD 20: {'shard': 20, 'n_stimuli': 1000, 'n_words': 4796, 'seconds': 37.633103370666504}
SHARD 21: start, 1000 stimuli, 9812 words, tasks ['hypernymy', 'wug']
SHARD 21: model loaded (1 s)
  features ready, predicting 1000 timelines in 125 batches
SHARD 21: saved shard_0021.npz
SHARD 21: {'shard': 21, 'n_stimuli': 1000, 'n_words': 9812, 'seconds': 27.87474822998047}
SHARD 22: start, 1000 stimuli, 10000 words, tasks ['wug']
SHARD 22: model loaded (1 s)
  features ready, predicting 1000 timelines in 125 batches
SHARD 22: saved shard_0022.npz
SHARD 22: {'shard': 22, 'n_stimuli': 1000, 'n_words': 10000, 'seconds': 29.182522535324097}
SHARD 23: start, 1000 stimuli, 10000 words, tasks ['wug']
SHARD 23: model loaded (1 s)
  features ready, predicting 1000 timelines in 125 batches
SHARD 23: saved shard_0023.npz
SHARD 23: {'shard': 23, 'n_stimuli': 1000, 'n_words': 10000, 'seconds': 28.680944442749023}
