183 shards in total; this job: [104, 105, 106, 107]
SHARD 104: start, 1000 stimuli, 24386 words, tasks ['phys_newton', 'phys_prost']
SHARD 104: model loaded (14 s)
  features ready, predicting 1000 timelines in 125 batches
SHARD 104: saved shard_0104.npz
SHARD 104: {'shard': 104, 'n_stimuli': 1000, 'n_words': 24386, 'seconds': 60.46575450897217}
SHARD 105: start, 1000 stimuli, 18000 words, tasks ['phys_prost']
SHARD 105: model loaded (2 s)
  features ready, predicting 1000 timelines in 125 batches
SHARD 105: saved shard_0105.npz
SHARD 105: {'shard': 105, 'n_stimuli': 1000, 'n_words': 18000, 'seconds': 40.31919026374817}
SHARD 106: start, 1000 stimuli, 25548 words, tasks ['phys_prost']
SHARD 106: model loaded (1 s)
  features ready, predicting 1000 timelines in 125 batches
SHARD 106: saved shard_0106.npz
SHARD 106: {'shard': 106, 'n_stimuli': 1000, 'n_words': 25548, 'seconds': 59.28329157829285}
SHARD 107: start, 1000 stimuli, 24696 words, tasks ['phys_prost']
SHARD 107: model loaded (1 s)
  features ready, predicting 1000 timelines in 125 batches
SHARD 107: saved shard_0107.npz
SHARD 107: {'shard': 107, 'n_stimuli': 1000, 'n_words': 24696, 'seconds': 65.9456148147583}
