183 shards in total; this job: [48, 49, 50, 51]
SHARD 48: start, 1000 stimuli, 7744 words, tasks ['add_sub_2op_verbal', 'add_sub_2op_symbolic']
SHARD 48: model loaded (12 s)
  features ready, predicting 1000 timelines in 125 batches
SHARD 48: saved shard_0048.npz
SHARD 48: {'shard': 48, 'n_stimuli': 1000, 'n_words': 7744, 'seconds': 45.9727509021759}
SHARD 49: start, 1000 stimuli, 5000 words, tasks ['add_sub_2op_symbolic']
SHARD 49: model loaded (1 s)
  features ready, predicting 1000 timelines in 125 batches
SHARD 49: saved shard_0049.npz
SHARD 49: {'shard': 49, 'n_stimuli': 1000, 'n_words': 5000, 'seconds': 28.09280753135681}
SHARD 50: start, 1000 stimuli, 5000 words, tasks ['add_sub_2op_symbolic']
SHARD 50: model loaded (1 s)
  features ready, predicting 1000 timelines in 125 batches
SHARD 50: saved shard_0050.npz
SHARD 50: {'shard': 50, 'n_stimuli': 1000, 'n_words': 5000, 'seconds': 24.44628143310547}
SHARD 51: start, 1000 stimuli, 5000 words, tasks ['add_sub_2op_symbolic']
SHARD 51: model loaded (1 s)
  features ready, predicting 1000 timelines in 125 batches
SHARD 51: saved shard_0051.npz
SHARD 51: {'shard': 51, 'n_stimuli': 1000, 'n_words': 5000, 'seconds': 27.410568714141846}
