183 shards in total; this job: [156, 157, 158, 159]
SHARD 156: start, 1000 stimuli, 12936 words, tasks ['secondary_emotions']
SHARD 156: model loaded (12 s)
  features ready, predicting 1000 timelines in 125 batches
SHARD 156: saved shard_0156.npz
SHARD 156: {'shard': 156, 'n_stimuli': 1000, 'n_words': 12936, 'seconds': 52.63963007926941}
SHARD 157: start, 1000 stimuli, 14448 words, tasks ['secondary_emotions']
SHARD 157: model loaded (1 s)
  features ready, predicting 1000 timelines in 125 batches
SHARD 157: saved shard_0157.npz
SHARD 157: {'shard': 157, 'n_stimuli': 1000, 'n_words': 14448, 'seconds': 42.05855441093445}
SHARD 158: start, 1000 stimuli, 40770 words, tasks ['secondary_emotions', 'emotion_fewshot']
SHARD 158: model loaded (1 s)
  features ready, predicting 1000 timelines in 125 batches
SHARD 158: saved shard_0158.npz
SHARD 158: {'shard': 158, 'n_stimuli': 1000, 'n_words': 40770, 'seconds': 141.22067213058472}
SHARD 159: start, 1000 stimuli, 45506 words, tasks ['emotion_fewshot']
SHARD 159: model loaded (1 s)
  features ready, predicting 1000 timelines in 125 batches
SHARD 159: saved shard_0159.npz
SHARD 159: {'shard': 159, 'n_stimuli': 1000, 'n_words': 45506, 'seconds': 196.6551992893219}
