183 shards in total; this job: [36, 37, 38, 39]
SHARD 36: start, 1000 stimuli, 35120 words, tasks ['logic_propositional_1']
SHARD 36: model loaded (15 s)
  features ready, predicting 1000 timelines in 125 batches
SHARD 36: saved shard_0036.npz
SHARD 36: {'shard': 36, 'n_stimuli': 1000, 'n_words': 35120, 'seconds': 111.81606340408325}
SHARD 37: start, 1000 stimuli, 34644 words, tasks ['logic_propositional_1']
SHARD 37: model loaded (2 s)
  features ready, predicting 1000 timelines in 125 batches
SHARD 37: saved shard_0037.npz
SHARD 37: {'shard': 37, 'n_stimuli': 1000, 'n_words': 34644, 'seconds': 100.5029890537262}
SHARD 38: start, 1000 stimuli, 26680 words, tasks ['logic_propositional_1', 'logic_propositional_symbolic']
SHARD 38: model loaded (1 s)
  features ready, predicting 1000 timelines in 125 batches
SHARD 38: saved shard_0038.npz
SHARD 38: {'shard': 38, 'n_stimuli': 1000, 'n_words': 26680, 'seconds': 78.34163975715637}
SHARD 39: start, 1000 stimuli, 22032 words, tasks ['logic_propositional_symbolic']
SHARD 39: model loaded (1 s)
  features ready, predicting 1000 timelines in 125 batches
SHARD 39: saved shard_0039.npz
SHARD 39: {'shard': 39, 'n_stimuli': 1000, 'n_words': 22032, 'seconds': 66.8593327999115}
