183 shards in total; this job: [52, 53, 54, 55]
SHARD 52: start, 1000 stimuli, 15040 words, tasks ['add_sub_2op_symbolic', 'add_sub_3op_verbal']
SHARD 52: model loaded (13 s)
  features ready, predicting 1000 timelines in 125 batches
SHARD 52: saved shard_0052.npz
SHARD 52: {'shard': 52, 'n_stimuli': 1000, 'n_words': 15040, 'seconds': 54.33381104469299}
SHARD 53: start, 1000 stimuli, 19460 words, tasks ['add_sub_3op_verbal']
SHARD 53: model loaded (1 s)
  features ready, predicting 1000 timelines in 125 batches
SHARD 53: saved shard_0053.npz
SHARD 53: {'shard': 53, 'n_stimuli': 1000, 'n_words': 19460, 'seconds': 49.12145638465881}
SHARD 54: start, 1000 stimuli, 19392 words, tasks ['add_sub_3op_verbal']
SHARD 54: model loaded (1 s)
  features ready, predicting 1000 timelines in 125 batches
SHARD 54: saved shard_0054.npz
SHARD 54: {'shard': 54, 'n_stimuli': 1000, 'n_words': 19392, 'seconds': 45.75848746299744}
SHARD 55: start, 1000 stimuli, 19376 words, tasks ['add_sub_3op_verbal']
SHARD 55: model loaded (1 s)
  features ready, predicting 1000 timelines in 125 batches
SHARD 55: saved shard_0055.npz
SHARD 55: {'shard': 55, 'n_stimuli': 1000, 'n_words': 19376, 'seconds': 45.88999080657959}
