183 shards in total; this job: [140, 141, 142, 143]
SHARD 140: start, 1000 stimuli, 31104 words, tasks ['agent', 'social_interactions']
SHARD 140: model loaded (14 s)
  features ready, predicting 1000 timelines in 125 batches
SHARD 140: saved shard_0140.npz
SHARD 140: {'shard': 140, 'n_stimuli': 1000, 'n_words': 31104, 'seconds': 123.03078293800354}
SHARD 141: start, 1000 stimuli, 26552 words, tasks ['social_interactions', 'social_relations']
SHARD 141: model loaded (1 s)
  features ready, predicting 1000 timelines in 125 batches
SHARD 141: saved shard_0141.npz
SHARD 141: {'shard': 141, 'n_stimuli': 1000, 'n_words': 26552, 'seconds': 80.48010087013245}
SHARD 142: start, 1000 stimuli, 17830 words, tasks ['social_relations', 'desires_goals']
SHARD 142: model loaded (1 s)
  features ready, predicting 1000 timelines in 125 batches
SHARD 142: saved shard_0142.npz
SHARD 142: {'shard': 142, 'n_stimuli': 1000, 'n_words': 17830, 'seconds': 51.58403563499451}
SHARD 143: start, 1000 stimuli, 15208 words, tasks ['desires_goals']
SHARD 143: model loaded (1 s)
  features ready, predicting 1000 timelines in 125 batches
SHARD 143: saved shard_0143.npz
SHARD 143: {'shard': 143, 'n_stimuli': 1000, 'n_words': 15208, 'seconds': 39.22761631011963}
