183 shards in total; this job: [40, 41, 42, 43]
SHARD 40: start, 1000 stimuli, 22152 words, tasks ['logic_propositional_symbolic']
SHARD 40: model loaded (12 s)
  features ready, predicting 1000 timelines in 125 batches
SHARD 40: saved shard_0040.npz
SHARD 40: {'shard': 40, 'n_stimuli': 1000, 'n_words': 22152, 'seconds': 71.70205855369568}
SHARD 41: start, 1000 stimuli, 22152 words, tasks ['logic_propositional_symbolic']
SHARD 41: model loaded (1 s)
  features ready, predicting 1000 timelines in 125 batches
SHARD 41: saved shard_0041.npz
SHARD 41: {'shard': 41, 'n_stimuli': 1000, 'n_words': 22152, 'seconds': 65.91746044158936}
SHARD 42: start, 1000 stimuli, 11988 words, tasks ['logic_propositional_symbolic', 'number_sequence']
SHARD 42: model loaded (1 s)
  features ready, predicting 1000 timelines in 125 batches
SHARD 42: saved shard_0042.npz
SHARD 42: {'shard': 42, 'n_stimuli': 1000, 'n_words': 11988, 'seconds': 41.69036269187927}
SHARD 43: start, 1000 stimuli, 6436 words, tasks ['number_sequence']
SHARD 43: model loaded (1 s)
  features ready, predicting 1000 timelines in 125 batches
SHARD 43: saved shard_0043.npz
SHARD 43: {'shard': 43, 'n_stimuli': 1000, 'n_words': 6436, 'seconds': 24.975924968719482}
