183 shards in total; this job: [100, 101, 102, 103]
SHARD 100: start, 1000 stimuli, 31336 words, tasks ['code_B', 'phys_newton']
SHARD 100: model loaded (13 s)
  features ready, predicting 1000 timelines in 125 batches
SHARD 100: saved shard_0100.npz
SHARD 100: {'shard': 100, 'n_stimuli': 1000, 'n_words': 31336, 'seconds': 107.72212028503418}
SHARD 101: start, 1000 stimuli, 18636 words, tasks ['phys_newton']
SHARD 101: model loaded (1 s)
  features ready, predicting 1000 timelines in 125 batches
SHARD 101: saved shard_0101.npz
SHARD 101: {'shard': 101, 'n_stimuli': 1000, 'n_words': 18636, 'seconds': 41.524749994277954}
SHARD 102: start, 1000 stimuli, 22866 words, tasks ['phys_newton']
SHARD 102: model loaded (1 s)
  features ready, predicting 1000 timelines in 125 batches
SHARD 102: saved shard_0102.npz
SHARD 102: {'shard': 102, 'n_stimuli': 1000, 'n_words': 22866, 'seconds': 44.18848705291748}
SHARD 103: start, 1000 stimuli, 22504 words, tasks ['phys_newton']
SHARD 103: model loaded (1 s)
  features ready, predicting 1000 timelines in 125 batches
SHARD 103: saved shard_0103.npz
SHARD 103: {'shard': 103, 'n_stimuli': 1000, 'n_words': 22504, 'seconds': 40.023029088974}
