/home/devar_ag/.conda/envs/tribe/lib/python3.11/site-packages/neuralset/extractors/base.py:707: UserWarning: LabelEncoder: event_types has not been set, are you sure you want to apply this extractor to all events?
  warnings.warn(
2026-10-01 17:57:09 - WARNING - neuralset.extractors.base:798 - Missing events will be encoded using the default all-zero value (for example, 0 or a zero vector/tensor), which may be indistinguishable from a valid class if that class is also mapped to zeros. Set treat_missing_as_separate_class=True to avoid this.
2026-10-01 17:57:09 - WARNING - neuralset.extractors.base:798 - Missing events will be encoded using the default all-zero value (for example, 0 or a zero vector/tensor), which may be indistinguishable from a valid class if that class is also mapped to zeros. Set treat_missing_as_separate_class=True to avoid this.
INFO - Loading model from /orcd/data/evelina9/001/USERS/devar_ag/.hf_cache_new/hub/models--facebook--tribev2/snapshots/f894e783020944dcd96e5568550afe2aa9743f9f/best.ckpt
/home/devar_ag/.conda/envs/tribe/lib/python3.11/site-packages/x_transformers/x_transformers.py:439: FutureWarning: `torch.cuda.amp.autocast(args...)` is deprecated. Please use `torch.amp.autocast('cuda', args...)` instead.
  @autocast(enabled = False)
/home/devar_ag/.conda/envs/tribe/lib/python3.11/site-packages/x_transformers/x_transformers.py:461: FutureWarning: `torch.cuda.amp.autocast(args...)` is deprecated. Please use `torch.amp.autocast('cuda', args...)` instead.
  @autocast(enabled = False)
[17:57:15 INFO] Preparing extractor: text
  0%|          | 0/8 [00:00<?, ?it/s]
Loading weights:   0%|          | 0/254 [00:00<?, ?it/s][A
Loading weights:  40%|███▉      | 101/254 [00:00<00:00, 634.16it/s][A
Loading weights:  65%|██████▍   | 165/254 [00:00<00:00, 198.99it/s][A
Loading weights:  78%|███████▊  | 198/254 [00:00<00:00, 198.68it/s][A
Loading weights:  89%|████████▊ | 225/254 [00:01<00:00, 198.22it/s][A
Loading weights:  98%|█████████▊| 250/254 [00:01<00:00, 179.61it/s][ALoading weights: 100%|██████████| 254/254 [00:01<00:00, 209.77it/s]
 12%|█▎        | 1/8 [00:46<05:27, 46.86s/it]100%|██████████| 8/8 [00:46<00:00,  5.86s/it]
[17:58:02 INFO] Preparing extractor: subject_id
2026-10-01 17:58:02 - WARNING - neuralset.extractors.base:824 - LabelEncoder has only found one label: {'tribeloc'}. This was probably not intended.
[17:58:02 INFO] Building dataloader for split all
