183 shards in total; this job: [96, 97, 98, 99]
SHARD 96: start, 1000 stimuli, 30128 words, tasks ['code_A']
SHARD 96: model loaded (14 s)
  features ready, predicting 1000 timelines in 125 batches
SHARD 96: saved shard_0096.npz
SHARD 96: {'shard': 96, 'n_stimuli': 1000, 'n_words': 30128, 'seconds': 164.61369109153748}
SHARD 97: start, 1000 stimuli, 30196 words, tasks ['code_A']
SHARD 97: model loaded (1 s)
  features ready, predicting 1000 timelines in 125 batches
SHARD 97: saved shard_0097.npz
SHARD 97: {'shard': 97, 'n_stimuli': 1000, 'n_words': 30196, 'seconds': 168.95661687850952}
SHARD 98: start, 1000 stimuli, 31548 words, tasks ['code_A', 'code_B']
SHARD 98: model loaded (1 s)
  features ready, predicting 1000 timelines in 125 batches
SHARD 98: saved shard_0098.npz
SHARD 98: {'shard': 98, 'n_stimuli': 1000, 'n_words': 31548, 'seconds': 168.6481475830078}
SHARD 99: start, 1000 stimuli, 32060 words, tasks ['code_B']
SHARD 99: model loaded (1 s)
  features ready, predicting 1000 timelines in 125 batches
SHARD 99: saved shard_0099.npz
SHARD 99: {'shard': 99, 'n_stimuli': 1000, 'n_words': 32060, 'seconds': 203.68782758712769}
