183 shards in total; this job: [72, 73, 74, 75]
SHARD 72: start, 1000 stimuli, 7000 words, tasks ['mul_div_3op_symbolic']
SHARD 72: model loaded (13 s)
  features ready, predicting 1000 timelines in 125 batches
SHARD 72: saved shard_0072.npz
SHARD 72: {'shard': 72, 'n_stimuli': 1000, 'n_words': 7000, 'seconds': 42.81204056739807}
SHARD 73: start, 1000 stimuli, 7000 words, tasks ['mul_div_3op_symbolic']
SHARD 73: model loaded (1 s)
  features ready, predicting 1000 timelines in 125 batches
SHARD 73: saved shard_0073.npz
SHARD 73: {'shard': 73, 'n_stimuli': 1000, 'n_words': 7000, 'seconds': 31.58448576927185}
SHARD 74: start, 1000 stimuli, 7000 words, tasks ['mul_div_3op_symbolic']
SHARD 74: model loaded (2 s)
  features ready, predicting 1000 timelines in 125 batches
SHARD 74: saved shard_0074.npz
SHARD 74: {'shard': 74, 'n_stimuli': 1000, 'n_words': 7000, 'seconds': 30.792273998260498}
SHARD 75: start, 1000 stimuli, 10292 words, tasks ['mul_div_3op_symbolic', 'simple_equation']
SHARD 75: model loaded (1 s)
  features ready, predicting 1000 timelines in 125 batches
SHARD 75: saved shard_0075.npz
SHARD 75: {'shard': 75, 'n_stimuli': 1000, 'n_words': 10292, 'seconds': 29.845897912979126}
