183 shards in total; this job: [8, 9, 10, 11]
SHARD 8: start, 1000 stimuli, 5228 words, tasks ['det_noun_agreement_regular']
SHARD 8: model loaded (12 s)
  features ready, predicting 1000 timelines in 125 batches
SHARD 8: saved shard_0008.npz
SHARD 8: {'shard': 8, 'n_stimuli': 1000, 'n_words': 5228, 'seconds': 36.76295351982117}
SHARD 9: start, 1000 stimuli, 5204 words, tasks ['det_noun_agreement_regular']
SHARD 9: model loaded (1 s)
  features ready, predicting 1000 timelines in 125 batches
SHARD 9: saved shard_0009.npz
SHARD 9: {'shard': 9, 'n_stimuli': 1000, 'n_words': 5204, 'seconds': 21.20136523246765}
SHARD 10: start, 1000 stimuli, 5212 words, tasks ['det_noun_agreement_regular']
SHARD 10: model loaded (1 s)
  features ready, predicting 1000 timelines in 125 batches
SHARD 10: saved shard_0010.npz
SHARD 10: {'shard': 10, 'n_stimuli': 1000, 'n_words': 5212, 'seconds': 21.056620359420776}
SHARD 11: start, 1000 stimuli, 5160 words, tasks ['det_noun_agreement_regular']
SHARD 11: model loaded (1 s)
  features ready, predicting 1000 timelines in 125 batches
SHARD 11: saved shard_0011.npz
SHARD 11: {'shard': 11, 'n_stimuli': 1000, 'n_words': 5160, 'seconds': 20.88146710395813}
