183 shards in total; this job: [56, 57, 58, 59]
SHARD 56: start, 1000 stimuli, 10750 words, tasks ['add_sub_3op_verbal', 'add_sub_3op_symbolic']
SHARD 56: model loaded (12 s)
  features ready, predicting 1000 timelines in 125 batches
SHARD 56: saved shard_0056.npz
SHARD 56: {'shard': 56, 'n_stimuli': 1000, 'n_words': 10750, 'seconds': 51.18670296669006}
SHARD 57: start, 1000 stimuli, 7000 words, tasks ['add_sub_3op_symbolic']
SHARD 57: model loaded (1 s)
  features ready, predicting 1000 timelines in 125 batches
SHARD 57: saved shard_0057.npz
SHARD 57: {'shard': 57, 'n_stimuli': 1000, 'n_words': 7000, 'seconds': 30.795258045196533}
SHARD 58: start, 1000 stimuli, 7000 words, tasks ['add_sub_3op_symbolic']
SHARD 58: model loaded (1 s)
  features ready, predicting 1000 timelines in 125 batches
SHARD 58: saved shard_0058.npz
SHARD 58: {'shard': 58, 'n_stimuli': 1000, 'n_words': 7000, 'seconds': 29.611761808395386}
SHARD 59: start, 1000 stimuli, 7000 words, tasks ['add_sub_3op_symbolic']
SHARD 59: model loaded (1 s)
  features ready, predicting 1000 timelines in 125 batches
SHARD 59: saved shard_0059.npz
SHARD 59: {'shard': 59, 'n_stimuli': 1000, 'n_words': 7000, 'seconds': 28.853182077407837}
